// Vitest Snapshot v1, https://vitest.dev/guide/snapshot.html

exports[`Modal > should render modal and emit ok/cancel event 1`] = `
"<!--teleport start-->
<div class=\\"tu-modal-container\\" style=\\"z-index: 1001;\\">
  <div class=\\"tu-modal-container__mask fade-modal-enter-from fade-modal-enter-active\\"></div>
  <div class=\\"tu-modal-wrapper is-align-center\\">
    <div class=\\"tu-modal tu-modal--medium zoom-modal-enter-from zoom-modal-enter-active\\">
      <!-- modal header -->
      <div class=\\"tu-modal__header\\">
        <div class=\\"tu-modal__title is-align-start\\">
          <!--v-if-->Title
        </div>
        <div tabindex=\\"-1\\" role=\\"button\\" aria-label=\\"Close\\" class=\\"tu-modal__icon-close\\"><i class=\\"tu-icon\\">
            <!--v-if--><svg xmlns=\\"http://www.w3.org/2000/svg\\" viewBox=\\"0 0 1024 1024\\">
              <path fill=\\"currentColor\\" d=\\"M764.288 214.592 512 466.88 259.712 214.592a31.936 31.936 0 0 0-45.12 45.12L466.752 512 214.528 764.224a31.936 31.936 0 1 0 45.12 45.184L512 557.184l252.288 252.288a31.936 31.936 0 0 0 45.12-45.12L557.12 512.064l252.288-252.352a31.936 31.936 0 1 0-45.12-45.184z\\"></path>
            </svg>
            <!--v-if-->
          </i></div>
      </div><!-- modal body -->
      <div class=\\"tu-modal__body\\">
        <div>Tu view is good</div>
      </div><!-- modal footer -->
      <div class=\\"tu-modal__footer\\"><button ariadisabled=\\"false\\" type=\\"button\\" class=\\"tu-button tu-button--medium tu-button--default\\">
          <!--v-if-->
          <!--v-if--><span>Cancel</span>
        </button><button ariadisabled=\\"false\\" type=\\"button\\" class=\\"tu-button tu-button--medium tu-button--primary\\">
          <!--v-if-->
          <!--v-if--><span>OK</span>
        </button></div>
    </div>
  </div>
</div>
<!--teleport end-->"
`;
