// Vitest Snapshot v1, https://vitest.dev/guide/snapshot.html

exports[`Select.vue > show dropdown correctly 1`] = `"<body><div class=\\"tu-popup tu-popup--bl\\" style=\\"z-index: 1001; pointer-events: none; left: 0px; top: 10px; width: 0px;\\" trigger-placement=\\"bl\\"><div class=\\"tu-popup__wrapper tu-slide-dynamic-origin-enter-from tu-slide-dynamic-origin-enter-active\\" style=\\"transform-origin: 0 0;\\"><div class=\\"tu-popup__content\\"><div class=\\"tu-select__dropdown\\"><!--v-if--><!--v-if--><!--v-if--><div class=\\"tu-scrollbar\\"><div class=\\"tu-select__dropdown-wrap tu-scrollbar__wrap tu-scrollbar__wrap--hidden-default\\"><ul class=\\"tu-scrollbar__view tu-select__dropdown-list\\" style=\\"\\"><li class=\\"tu-select__option is-active\\"><!--v-if--><!--v-if--><span class=\\"tu-select__option-content\\">Option1</span><!--v-if--></li><li class=\\"tu-select__option\\"><!--v-if--><!--v-if--><span class=\\"tu-select__option-content\\">Option2</span><!--v-if--></li><li class=\\"tu-select__option\\"><!--v-if--><!--v-if--><span class=\\"tu-select__option-content\\">Option3</span><!--v-if--></li><li class=\\"tu-select__option\\"><!--v-if--><!--v-if--><span class=\\"tu-select__option-content\\">Option4</span><!--v-if--></li></ul><div class=\\"tu-scrollbar__bar is-horizontal\\" style=\\"display: none;\\"><div class=\\"tu-scrollbar__thumb\\" style=\\"transform: translateX(0%);\\"></div></div><div class=\\"tu-scrollbar__bar is-vertical\\" style=\\"display: none;\\"><div class=\\"tu-scrollbar__thumb\\" style=\\"transform: translateY(0%);\\"></div></div></div></div><!--v-if--></div></div><!----></div></div></body>"`;
